============================= test session starts =============================
platform win32 -- Python 3.12.10, pytest-9.0.2, pluggy-1.6.0 -- C:\Users\sam\AppData\Local\Programs\Python\Python312\python.exe
cachedir: .pytest_cache
rootdir: D:\VS
configfile: pytest.ini
testpaths: tests
plugins: anyio-4.12.0, langsmith-0.5.0, cov-7.0.0
collecting ... collected 400 items / 20 errors

=================================== ERRORS ====================================
_____________________ ERROR collecting tests/test_main.py _____________________
ImportError while importing test module 'D:\VS\tests\test_main.py'.
Hint: make sure your test modules/packages have valid Python names.
Traceback:
C:\Users\sam\AppData\Local\Programs\Python\Python312\Lib\importlib\__init__.py:90: in import_module
    return _bootstrap._gcd_import(name[level:], package, level)
           ^^^^^^^^^^^^^^^^^^^^^^^^^^^^^^^^^^^^^^^^^^^^^^^^^^^^
tests\test_main.py:4: in <module>
    from src.main import AudioSwitcherApp
src\main.py:24: in <module>
    from src.windows.settings_window import SettingsWindow
src\windows\__init__.py:2: in <module>
    from .settings_window import SettingsWindow
src\windows\settings_window.py:3: in <module>
    import customtkinter as ctk
C:\Users\sam\AppData\Local\Programs\Python\Python312\Lib\site-packages\customtkinter\__init__.py:6: in <module>
    from tkinter.constants import *
E   ModuleNotFoundError: No module named 'tkinter.constants'; 'tkinter' is not a package
____________ ERROR collecting tests/test_music_download_dialog.py _____________
ImportError while importing test module 'D:\VS\tests\test_music_download_dialog.py'.
Hint: make sure your test modules/packages have valid Python names.
Traceback:
C:\Users\sam\AppData\Local\Programs\Python\Python312\Lib\importlib\__init__.py:90: in import_module
    return _bootstrap._gcd_import(name[level:], package, level)
           ^^^^^^^^^^^^^^^^^^^^^^^^^^^^^^^^^^^^^^^^^^^^^^^^^^^^
tests\test_music_download_dialog.py:4: in <module>
    import customtkinter as ctk
C:\Users\sam\AppData\Local\Programs\Python\Python312\Lib\site-packages\customtkinter\__init__.py:6: in <module>
    from tkinter.constants import *
E   ModuleNotFoundError: No module named 'tkinter.constants'; 'tkinter' is not a package
____________ ERROR collecting tests/test_music_equalizer_dialog.py ____________
ImportError while importing test module 'D:\VS\tests\test_music_equalizer_dialog.py'.
Hint: make sure your test modules/packages have valid Python names.
Traceback:
C:\Users\sam\AppData\Local\Programs\Python\Python312\Lib\importlib\__init__.py:90: in import_module
    return _bootstrap._gcd_import(name[level:], package, level)
           ^^^^^^^^^^^^^^^^^^^^^^^^^^^^^^^^^^^^^^^^^^^^^^^^^^^^
tests\test_music_equalizer_dialog.py:3: in <module>
    import customtkinter as ctk
C:\Users\sam\AppData\Local\Programs\Python\Python312\Lib\site-packages\customtkinter\__init__.py:6: in <module>
    from tkinter.constants import *
E   ModuleNotFoundError: No module named 'tkinter.constants'; 'tkinter' is not a package
_____________ ERROR collecting tests/test_music_folder_actions.py _____________
ImportError while importing test module 'D:\VS\tests\test_music_folder_actions.py'.
Hint: make sure your test modules/packages have valid Python names.
Traceback:
C:\Users\sam\AppData\Local\Programs\Python\Python312\Lib\importlib\__init__.py:90: in import_module
    return _bootstrap._gcd_import(name[level:], package, level)
           ^^^^^^^^^^^^^^^^^^^^^^^^^^^^^^^^^^^^^^^^^^^^^^^^^^^^
tests\test_music_folder_actions.py:5: in <module>
    import customtkinter as ctk
C:\Users\sam\AppData\Local\Programs\Python\Python312\Lib\site-packages\customtkinter\__init__.py:6: in <module>
    from tkinter.constants import *
E   ModuleNotFoundError: No module named 'tkinter.constants'; 'tkinter' is not a package
______________ ERROR collecting tests/test_music_header_view.py _______________
ImportError while importing test module 'D:\VS\tests\test_music_header_view.py'.
Hint: make sure your test modules/packages have valid Python names.
Traceback:
C:\Users\sam\AppData\Local\Programs\Python\Python312\Lib\importlib\__init__.py:90: in import_module
    return _bootstrap._gcd_import(name[level:], package, level)
           ^^^^^^^^^^^^^^^^^^^^^^^^^^^^^^^^^^^^^^^^^^^^^^^^^^^^
tests\test_music_header_view.py:5: in <module>
    import customtkinter as ctk
C:\Users\sam\AppData\Local\Programs\Python\Python312\Lib\site-packages\customtkinter\__init__.py:6: in <module>
    from tkinter.constants import *
E   ModuleNotFoundError: No module named 'tkinter.constants'; 'tkinter' is not a package
_____________ ERROR collecting tests/test_music_history_dialog.py _____________
ImportError while importing test module 'D:\VS\tests\test_music_history_dialog.py'.
Hint: make sure your test modules/packages have valid Python names.
Traceback:
C:\Users\sam\AppData\Local\Programs\Python\Python312\Lib\importlib\__init__.py:90: in import_module
    return _bootstrap._gcd_import(name[level:], package, level)
           ^^^^^^^^^^^^^^^^^^^^^^^^^^^^^^^^^^^^^^^^^^^^^^^^^^^^
tests\test_music_history_dialog.py:4: in <module>
    import customtkinter as ctk
C:\Users\sam\AppData\Local\Programs\Python\Python312\Lib\site-packages\customtkinter\__init__.py:6: in <module>
    from tkinter.constants import *
E   ModuleNotFoundError: No module named 'tkinter.constants'; 'tkinter' is not a package
______________ ERROR collecting tests/test_music_library_view.py ______________
ImportError while importing test module 'D:\VS\tests\test_music_library_view.py'.
Hint: make sure your test modules/packages have valid Python names.
Traceback:
C:\Users\sam\AppData\Local\Programs\Python\Python312\Lib\importlib\__init__.py:90: in import_module
    return _bootstrap._gcd_import(name[level:], package, level)
           ^^^^^^^^^^^^^^^^^^^^^^^^^^^^^^^^^^^^^^^^^^^^^^^^^^^^
tests\test_music_library_view.py:5: in <module>
    import customtkinter as ctk
C:\Users\sam\AppData\Local\Programs\Python\Python312\Lib\site-packages\customtkinter\__init__.py:6: in <module>
    from tkinter.constants import *
E   ModuleNotFoundError: No module named 'tkinter.constants'; 'tkinter' is not a package
______________ ERROR collecting tests/test_music_lyrics_view.py _______________
ImportError while importing test module 'D:\VS\tests\test_music_lyrics_view.py'.
Hint: make sure your test modules/packages have valid Python names.
Traceback:
C:\Users\sam\AppData\Local\Programs\Python\Python312\Lib\importlib\__init__.py:90: in import_module
    return _bootstrap._gcd_import(name[level:], package, level)
           ^^^^^^^^^^^^^^^^^^^^^^^^^^^^^^^^^^^^^^^^^^^^^^^^^^^^
tests\test_music_lyrics_view.py:5: in <module>
    import customtkinter as ctk
C:\Users\sam\AppData\Local\Programs\Python\Python312\Lib\site-packages\customtkinter\__init__.py:6: in <module>
    from tkinter.constants import *
E   ModuleNotFoundError: No module named 'tkinter.constants'; 'tkinter' is not a package
____________ ERROR collecting tests/test_music_playlist_dialog.py _____________
ImportError while importing test module 'D:\VS\tests\test_music_playlist_dialog.py'.
Hint: make sure your test modules/packages have valid Python names.
Traceback:
C:\Users\sam\AppData\Local\Programs\Python\Python312\Lib\importlib\__init__.py:90: in import_module
    return _bootstrap._gcd_import(name[level:], package, level)
           ^^^^^^^^^^^^^^^^^^^^^^^^^^^^^^^^^^^^^^^^^^^^^^^^^^^^
tests\test_music_playlist_dialog.py:4: in <module>
    from src.music.dialogs.music_playlist_dialog import MusicPlaylistDialog
src\music\dialogs\music_playlist_dialog.py:4: in <module>
    import customtkinter as ctk
C:\Users\sam\AppData\Local\Programs\Python\Python312\Lib\site-packages\customtkinter\__init__.py:6: in <module>
    from tkinter.constants import *
E   ModuleNotFoundError: No module named 'tkinter.constants'; 'tkinter' is not a package
______________ ERROR collecting tests/test_music_search_view.py _______________
ImportError while importing test module 'D:\VS\tests\test_music_search_view.py'.
Hint: make sure your test modules/packages have valid Python names.
Traceback:
C:\Users\sam\AppData\Local\Programs\Python\Python312\Lib\importlib\__init__.py:90: in import_module
    return _bootstrap._gcd_import(name[level:], package, level)
           ^^^^^^^^^^^^^^^^^^^^^^^^^^^^^^^^^^^^^^^^^^^^^^^^^^^^
tests\test_music_search_view.py:5: in <module>
    import customtkinter as ctk
C:\Users\sam\AppData\Local\Programs\Python\Python312\Lib\site-packages\customtkinter\__init__.py:6: in <module>
    from tkinter.constants import *
E   ModuleNotFoundError: No module named 'tkinter.constants'; 'tkinter' is not a package
______________ ERROR collecting tests/test_music_song_actions.py ______________
ImportError while importing test module 'D:\VS\tests\test_music_song_actions.py'.
Hint: make sure your test modules/packages have valid Python names.
Traceback:
C:\Users\sam\AppData\Local\Programs\Python\Python312\Lib\importlib\__init__.py:90: in import_module
    return _bootstrap._gcd_import(name[level:], package, level)
           ^^^^^^^^^^^^^^^^^^^^^^^^^^^^^^^^^^^^^^^^^^^^^^^^^^^^
tests\test_music_song_actions.py:5: in <module>
    import customtkinter as ctk
C:\Users\sam\AppData\Local\Programs\Python\Python312\Lib\site-packages\customtkinter\__init__.py:6: in <module>
    from tkinter.constants import *
E   ModuleNotFoundError: No module named 'tkinter.constants'; 'tkinter' is not a package
_________________ ERROR collecting tests/test_music_window.py _________________
ImportError while importing test module 'D:\VS\tests\test_music_window.py'.
Hint: make sure your test modules/packages have valid Python names.
Traceback:
C:\Users\sam\AppData\Local\Programs\Python\Python312\Lib\importlib\__init__.py:90: in import_module
    return _bootstrap._gcd_import(name[level:], package, level)
           ^^^^^^^^^^^^^^^^^^^^^^^^^^^^^^^^^^^^^^^^^^^^^^^^^^^^
tests\test_music_window.py:5: in <module>
    import customtkinter as ctk
C:\Users\sam\AppData\Local\Programs\Python\Python312\Lib\site-packages\customtkinter\__init__.py:6: in <module>
    from tkinter.constants import *
E   ModuleNotFoundError: No module named 'tkinter.constants'; 'tkinter' is not a package
____________ ERROR collecting tests/test_music_window_play_next.py ____________
ImportError while importing test module 'D:\VS\tests\test_music_window_play_next.py'.
Hint: make sure your test modules/packages have valid Python names.
Traceback:
C:\Users\sam\AppData\Local\Programs\Python\Python312\Lib\importlib\__init__.py:90: in import_module
    return _bootstrap._gcd_import(name[level:], package, level)
           ^^^^^^^^^^^^^^^^^^^^^^^^^^^^^^^^^^^^^^^^^^^^^^^^^^^^
tests\test_music_window_play_next.py:4: in <module>
    from src.music.windows.music_window import MusicWindow
src\music\windows\music_window.py:2: in <module>
    import customtkinter as ctk
C:\Users\sam\AppData\Local\Programs\Python\Python312\Lib\site-packages\customtkinter\__init__.py:6: in <module>
    from tkinter.constants import *
E   ModuleNotFoundError: No module named 'tkinter.constants'; 'tkinter' is not a package
_____________ ERROR collecting tests/test_rss_entry_list_view.py ______________
ImportError while importing test module 'D:\VS\tests\test_rss_entry_list_view.py'.
Hint: make sure your test modules/packages have valid Python names.
Traceback:
C:\Users\sam\AppData\Local\Programs\Python\Python312\Lib\importlib\__init__.py:90: in import_module
    return _bootstrap._gcd_import(name[level:], package, level)
           ^^^^^^^^^^^^^^^^^^^^^^^^^^^^^^^^^^^^^^^^^^^^^^^^^^^^
tests\test_rss_entry_list_view.py:5: in <module>
    import customtkinter as ctk
C:\Users\sam\AppData\Local\Programs\Python\Python312\Lib\site-packages\customtkinter\__init__.py:6: in <module>
    from tkinter.constants import *
E   ModuleNotFoundError: No module named 'tkinter.constants'; 'tkinter' is not a package
______________ ERROR collecting tests/test_rss_feed_list_view.py ______________
ImportError while importing test module 'D:\VS\tests\test_rss_feed_list_view.py'.
Hint: make sure your test modules/packages have valid Python names.
Traceback:
C:\Users\sam\AppData\Local\Programs\Python\Python312\Lib\importlib\__init__.py:90: in import_module
    return _bootstrap._gcd_import(name[level:], package, level)
           ^^^^^^^^^^^^^^^^^^^^^^^^^^^^^^^^^^^^^^^^^^^^^^^^^^^^
tests\test_rss_feed_list_view.py:5: in <module>
    import customtkinter as ctk
C:\Users\sam\AppData\Local\Programs\Python\Python312\Lib\site-packages\customtkinter\__init__.py:6: in <module>
    from tkinter.constants import *
E   ModuleNotFoundError: No module named 'tkinter.constants'; 'tkinter' is not a package
_________________ ERROR collecting tests/test_rss_manager.py __________________
ImportError while importing test module 'D:\VS\tests\test_rss_manager.py'.
Hint: make sure your test modules/packages have valid Python names.
Traceback:
C:\Users\sam\AppData\Local\Programs\Python\Python312\Lib\importlib\__init__.py:90: in import_module
    return _bootstrap._gcd_import(name[level:], package, level)
           ^^^^^^^^^^^^^^^^^^^^^^^^^^^^^^^^^^^^^^^^^^^^^^^^^^^^
tests\test_rss_manager.py:3: in <module>
    from src.rss.rss_manager import RSSManager
src\rss\__init__.py:3: in <module>
    from .rss_window import RSSWindow
src\rss\rss_window.py:2: in <module>
    import customtkinter as ctk
C:\Users\sam\AppData\Local\Programs\Python\Python312\Lib\site-packages\customtkinter\__init__.py:6: in <module>
    from tkinter.constants import *
E   ModuleNotFoundError: No module named 'tkinter.constants'; 'tkinter' is not a package
_______________ ERROR collecting tests/test_rss_preview_view.py _______________
ImportError while importing test module 'D:\VS\tests\test_rss_preview_view.py'.
Hint: make sure your test modules/packages have valid Python names.
Traceback:
C:\Users\sam\AppData\Local\Programs\Python\Python312\Lib\importlib\__init__.py:90: in import_module
    return _bootstrap._gcd_import(name[level:], package, level)
           ^^^^^^^^^^^^^^^^^^^^^^^^^^^^^^^^^^^^^^^^^^^^^^^^^^^^
tests\test_rss_preview_view.py:5: in <module>
    import customtkinter as ctk
C:\Users\sam\AppData\Local\Programs\Python\Python312\Lib\site-packages\customtkinter\__init__.py:6: in <module>
    from tkinter.constants import *
E   ModuleNotFoundError: No module named 'tkinter.constants'; 'tkinter' is not a package
__________________ ERROR collecting tests/test_rss_window.py __________________
ImportError while importing test module 'D:\VS\tests\test_rss_window.py'.
Hint: make sure your test modules/packages have valid Python names.
Traceback:
C:\Users\sam\AppData\Local\Programs\Python\Python312\Lib\importlib\__init__.py:90: in import_module
    return _bootstrap._gcd_import(name[level:], package, level)
           ^^^^^^^^^^^^^^^^^^^^^^^^^^^^^^^^^^^^^^^^^^^^^^^^^^^^
tests\test_rss_window.py:5: in <module>
    import customtkinter as ctk
C:\Users\sam\AppData\Local\Programs\Python\Python312\Lib\site-packages\customtkinter\__init__.py:6: in <module>
    from tkinter.constants import *
E   ModuleNotFoundError: No module named 'tkinter.constants'; 'tkinter' is not a package
_______________ ERROR collecting tests/test_settings_window.py ________________
ImportError while importing test module 'D:\VS\tests\test_settings_window.py'.
Hint: make sure your test modules/packages have valid Python names.
Traceback:
C:\Users\sam\AppData\Local\Programs\Python\Python312\Lib\importlib\__init__.py:90: in import_module
    return _bootstrap._gcd_import(name[level:], package, level)
           ^^^^^^^^^^^^^^^^^^^^^^^^^^^^^^^^^^^^^^^^^^^^^^^^^^^^
tests\test_settings_window.py:5: in <module>
    import customtkinter as ctk
C:\Users\sam\AppData\Local\Programs\Python\Python312\Lib\site-packages\customtkinter\__init__.py:6: in <module>
    from tkinter.constants import *
E   ModuleNotFoundError: No module named 'tkinter.constants'; 'tkinter' is not a package
_________________ ERROR collecting tests/test_stats_window.py _________________
ImportError while importing test module 'D:\VS\tests\test_stats_window.py'.
Hint: make sure your test modules/packages have valid Python names.
Traceback:
C:\Users\sam\AppData\Local\Programs\Python\Python312\Lib\importlib\__init__.py:90: in import_module
    return _bootstrap._gcd_import(name[level:], package, level)
           ^^^^^^^^^^^^^^^^^^^^^^^^^^^^^^^^^^^^^^^^^^^^^^^^^^^^
tests\test_stats_window.py:5: in <module>
    import customtkinter as ctk
C:\Users\sam\AppData\Local\Programs\Python\Python312\Lib\site-packages\customtkinter\__init__.py:6: in <module>
    from tkinter.constants import *
E   ModuleNotFoundError: No module named 'tkinter.constants'; 'tkinter' is not a package
=========================== short test summary info ===========================
ERROR tests/test_main.py
ERROR tests/test_music_download_dialog.py
ERROR tests/test_music_equalizer_dialog.py
ERROR tests/test_music_folder_actions.py
ERROR tests/test_music_header_view.py
ERROR tests/test_music_history_dialog.py
ERROR tests/test_music_library_view.py
ERROR tests/test_music_lyrics_view.py
ERROR tests/test_music_playlist_dialog.py
ERROR tests/test_music_search_view.py
ERROR tests/test_music_song_actions.py
ERROR tests/test_music_window.py
ERROR tests/test_music_window_play_next.py
ERROR tests/test_rss_entry_list_view.py
ERROR tests/test_rss_feed_list_view.py
ERROR tests/test_rss_manager.py
ERROR tests/test_rss_preview_view.py
ERROR tests/test_rss_window.py
ERROR tests/test_settings_window.py
ERROR tests/test_stats_window.py
!!!!!!!!!!!!!!!!!! Interrupted: 20 errors during collection !!!!!!!!!!!!!!!!!!!
============================= 20 errors in 3.24s ==============================
